[www.animalmusicweb.com/index.html]
[static.parastorage.com/unpkg/core-js-bundle@3.2.1/minified.js]
[static.parastorage.com/unpkg/focus-within-polyfill@5.0.9/dist/focus-within-polyfill.js]
[polyfill.io/v3/polyfill.mind82c.js]
[www.animalmusicweb.com/decodeURIComponent(e]
[backblue.gif]
[fade.gif]
[index.html]
[browser.sentry-cdn.com/5.21.4/bundle.min.js]
[www.animalmusicweb.com/https_]
[www.animalmusicweb.com/sitemap.xml]
[www.animalmusicweb.com/feed.xml]
[static.parastorage.com/services/wix-thunderbolt/dist/bootstrap-features.ceb6568e.chunk.min.js]
[static.parastorage.com/services/wix-thunderbolt/dist/main.0b68e3c4.chunk.min.js]
[www.animalmusicweb.com/$&/index.html]
[static.parastorage.com/unpkg/lodash@4.17.15/lodash.min.js]
[static.parastorage.com/services/wix-thunderbolt/dist/wix-code-sdk-providers.29180c23.chunk.min.js]
[static.parastorage.com/services/wix-thunderbolt/dist/dynamicPages.fbb7d753.chunk.min.js]
[static.parastorage.com/services/wix-thunderbolt/dist/ooi.06b39b56.chunk.min.js]
[static.parastorage.com/services/wix-thunderbolt/dist/popups.77a3ec17.chunk.min.js]
[static.parastorage.com/services/wix-thunderbolt/dist/protectedPages.2fb60d32.chunk.min.js]
[static.parastorage.com/services/wix-thunderbolt/dist/siteMembers.78b7be9b.chunk.min.js]
[static.parastorage.com/services/wix-thunderbolt/dist/siteScrollBlocker.a3f58173.chunk.min.js]
[static.parastorage.com/services/wix-thunderbolt/dist/tpaCommons.c6204832.chunk.min.js]
[static.parastorage.com/services/wix-thunderbolt/dist/windowMessageRegistrar.45f931d3.chunk.min.js]
[static.parastorage.com/services/wix-thunderbolt/dist/platform.8dfa73fb.chunk.min.js]
[static.parastorage.com/services/wix-thunderbolt/dist/vendors_vendor-react-dom.4da8ff2c.chunk.min.js]
[static.parastorage.com/services/wix-thunderbolt/dist/vendor-react-dom.6352be13.chunk.min.js]
[static.parastorage.com/services/santa-members-viewer-app/1.582.0/app.bundle.min.js]
[static.parastorage.com/services/editor-elements/dist/componentSdks.38a55ec2.bundle.min.js]
[static.parastorage.com/services/tag-manager-client/1.240.0/siteTags.bundle.min.js]
[static.parastorage.com/services/editor-elements/dist/thunderboltElements.42ef91ca.bundle.min.js]
[static.parastorage.com/services/wix-perf-measure/1.258.0/wix-perf-measure.bundle.min.js]
[static.parastorage.com/services/wix-thunderbolt/dist/activePopup.d5131164.chunk.min.js]
[static.parastorage.com/services/wix-thunderbolt/dist/dropdownMenu.0ffc4379.chunk.min.js]
[static.parastorage.com/services/wix-thunderbolt/dist/imageZoom.f3aa4b38.chunk.min.js]
[static.parastorage.com/services/wix-thunderbolt/dist/navigation.f992227b.chunk.min.js]
[static.parastorage.com/services/wix-thunderbolt/dist/ooiTpaSharedConfig.1f39f7ae.chunk.min.js]
[static.parastorage.com/services/wix-thunderbolt/dist/pageScroll.617eac46.chunk.min.js]
[static.parastorage.com/services/wix-thunderbolt/dist/platformPubsub.d95692e9.chunk.min.js]
[static.parastorage.com/services/wix-thunderbolt/dist/screenIn.cab10237.chunk.min.js]
[static.parastorage.com/services/wix-thunderbolt/dist/scrollRestoration.e8bd252c.chunk.min.js]
[static.parastorage.com/services/wix-thunderbolt/dist/scrollToAnchor.f14b69d6.chunk.min.js]
[static.parastorage.com/services/wix-thunderbolt/dist/sosp.b599ea86.chunk.min.js]
[static.parastorage.com/services/wix-thunderbolt/dist/tpa.33eca4c0.chunk.min.js]
[static.parastorage.com/services/wix-thunderbolt/dist/verticalMenu.ce4d1835.chunk.min.js]
[static.parastorage.com/services/wix-thunderbolt/dist/windowScroll.3677b982.chunk.min.js]
[static.parastorage.com/services/wix-thunderbolt/dist/backgroundScrub.81c654db.chunk.min.js]
[static.parastorage.com/services/wix-thunderbolt/dist/pageAnchors.cdf00eae.chunk.min.js]
[static.parastorage.com/services/wix-thunderbolt/dist/pageTransitions.7214ad4a.chunk.min.js]
[static.parastorage.com/services/editor-elements/dist/bootstrap-components.c86518a4.chunk.min.js]
[static.parastorage.com/services/editor-elements/dist/Container_DefaultAreaSkin.5c0671a5.chunk.min.js]
[static.parastorage.com/services/editor-elements/dist/DropDownMenu_TextOnlyMenuButtonSkin.50be30d3.chunk.min.js]
[static.parastorage.com/services/editor-elements/dist/VerticalMenu_VerticalMenuSolidColorSkin.0646a5b5.chunk.min.js]
[static.parastorage.com/services/editor-elements/dist/MeshGroup.ceac3ab6.chunk.min.js]
[static.parastorage.com/services/editor-elements/dist/MatrixGallery_MatrixGalleryTextOnCenterSkin.4ac5ecf8.chunk.min.js]
[static.parastorage.com/services/wix-thunderbolt/dist/tpa-components.e9a49717.chunk.min.js]
[www.animalmusicweb.com/index.html]
[www.animalmusicweb.com/decodeURIComponent(e.html]
[www.animalmusicweb.com/https_.html]
[www.animalmusicweb.com/feed.html]
[www.animalmusicweb.com/$&/index.html]
[www.animalmusicweb.com/team.html]
[static.parastorage.com/services/wix-thunderbolt/dist/hoverBox.2b802b71.chunk.min.js]
[static.parastorage.com/services/wix-thunderbolt/dist/reducedMotion.6167e76e.chunk.min.js]
[static.parastorage.com/services/editor-elements/dist/FiveGridLine.171a23d5.chunk.min.js]
[static.parastorage.com/services/editor-elements/dist/SlideShowContainer_StateBox.718ef5fe.chunk.min.js]
[static.parastorage.com/services/editor-elements/dist/SlideShowContainer.09563564.chunk.min.js]
[static.parastorage.com/services/editor-elements/dist/SlideShowSlide.e0827ee8.chunk.min.js]
[www.animalmusicweb.com/team.html]
[www.animalmusicweb.com/voices.html]
[www.animalmusicweb.com/quips.html]
[static.parastorage.com/services/forms-viewer/1.314.0/viewer-app.bundle.min.js]
[static.parastorage.com/services/wix-thunderbolt/dist/onloadCompsBehaviors.4224e84a.chunk.min.js]
[static.parastorage.com/services/editor-elements/dist/AppWidget.57a93130.chunk.min.js]
[static.parastorage.com/services/editor-elements/dist/FormContainer_FormContainerSkin.986c4e72.chunk.min.js]
[static.parastorage.com/services/editor-elements/dist/common-site-members-dialogs.297daf4c.chunk.min.js]
[static.parastorage.com/services/editor-elements/dist/TextInput.f8a00a4c.chunk.min.js]
[static.parastorage.com/services/editor-elements/dist/CheckboxGroup.3b192dde.chunk.min.js]
[static.parastorage.com/services/editor-elements/dist/RadioGroup.b25e3a71.chunk.min.js]
[static.parastorage.com/services/editor-elements/dist/TextAreaInput.ffda4f83.chunk.min.js]
[www.animalmusicweb.com/quips.html]
[www.animalmusicweb.com/voices.html]
